Nothing to build in platform 'design_2_wrapper'

08:23:45 **** Incremental Build of configuration Debug for project print_rec_rpm ****
make all 
Building file: ../src/testperiph.c
Invoking: MicroBlaze gcc compiler
mb-gcc -Wall -O0 -g3 -c -fmessage-length=0 -MT"src/testperiph.o" -I/home/duncan/QCS/Vitis/design_2_wrapper/export/design_2_wrapper/sw/design_2_wrapper/standalone_microblaze_0/bspinclude/include -mno-xl-reorder -mlittle-endian -mxl-barrel-shift -mxl-pattern-compare -mcpu=v11.0 -mno-xl-soft-mul -Wl,--no-relax -ffunction-sections -fdata-sections -MMD -MP -MF"src/testperiph.d" -MT"src/testperiph.o" -o "src/testperiph.o" "../src/testperiph.c"
../src/testperiph.c: In function 'main':
../src/testperiph.c:35:39: warning: format '%X' expects argument of type 'unsigned int', but argument 2 has type 'u32' {aka 'long unsigned int'} [-Wformat=]
   35 |                  printf("Register 1: %X\n\r", reg1);
      |                                      ~^       ~~~~
      |                                       |       |
      |                                       |       u32 {aka long unsigned int}
      |                                       unsigned int
      |                                      %lX
Finished building: ../src/testperiph.c
 
Building target: print_rec_rpm.elf
Invoking: MicroBlaze gcc linker
mb-gcc -Wl,-T -Wl,../src/lscript.ld -L/home/duncan/QCS/Vitis/design_2_wrapper/export/design_2_wrapper/sw/design_2_wrapper/standalone_microblaze_0/bsplib/lib -mlittle-endian -mxl-barrel-shift -mxl-pattern-compare -mcpu=v11.0 -mno-xl-soft-mul -Wl,--no-relax -Wl,--gc-sections -o "print_rec_rpm.elf" ./src/testperiph.o ./src/xintc_tapp_example.o   -Wl,--start-group,-lxil,-lgcc,-lc,--end-group
Finished building target: print_rec_rpm.elf
 
Invoking: MicroBlaze Print Size
mb-size print_rec_rpm.elf  |tee "print_rec_rpm.elf.size"
   text	   data	    bss	    dec	    hex	filename
  63508	   1724	  32872	  98104	  17f38	print_rec_rpm.elf
Finished building: print_rec_rpm.elf.size
 
